// Jest Snapshot v1, https://goo.gl/fbAQLP

exports[`Button component renders a button.Button by default 1`] = `
<a
  className="NavButton "
/>
`;

exports[`Button component renders the button from props 1`] = `
<a
  className="NavButton test-class-name"
  data-other="test-other-prop"
>
  <p>
    test children
  </p>
</a>
`;
