// Jest Snapshot v1, https://goo.gl/fbAQLP

exports[`ItemPageNav component renders a .ItemPageNav by default 1`] = `
<div
  className="ItemPageNav"
>
  <NavButton
    className="ItemPageNav__back-button"
    onClick={[Function]}
    role="link"
    tag="button"
  >
    <FontAwesomeIcon
      border={false}
      className=""
      fixedWidth={false}
      flip={null}
      icon="chevron-left"
      inverse={false}
      listItem={false}
      mask={null}
      pull={null}
      pulse={false}
      rotation={null}
      size={null}
      spin={false}
      swapOpacity={false}
      symbol={false}
      title=""
      transform={null}
    />
    <br />
    Back
  </NavButton>
</div>
`;

exports[`ItemPageNav component renders a h3 with inventory name when in props 1`] = `null`;
